[soft_seed0] step    500  val 0.0003  eta 1.00363  bc_rmse 3.96e-04  (84s)
[soft_seed0] step   1000  val 0.0001  eta 1.00265  bc_rmse 1.98e-04  (185s)
[soft_seed0] step   1500  val 0.0001  eta 1.00362  bc_rmse 1.28e-04  (283s)
[soft_seed0] step   2000  val 0.0000  eta 1.00002  bc_rmse 4.19e-04  (372s)
[soft_seed0] step   2500  val 0.0000  eta 1.00268  bc_rmse 1.44e-04  (453s)
[soft_seed0] step   3000  val 0.0000  eta 1.00242  bc_rmse 1.20e-04  (533s)
[soft_seed0] step   3500  val 0.0000  eta 1.00291  bc_rmse 1.00e-04  (609s)
[soft_seed0] step   4000  val 0.0000  eta 1.00381  bc_rmse 1.40e-04  (686s)
[soft_seed0] step   4500  val 0.0000  eta 1.00301  bc_rmse 3.54e-04  (763s)
[soft_seed0] step   5000  val 0.0000  eta 1.00443  bc_rmse 9.78e-04  (838s)
[soft_seed0] step   5500  val 0.0001  eta 0.99913  bc_rmse 1.53e-03  (914s)
[soft_seed0] step   6000  val 0.0005  eta 0.98967  bc_rmse 8.79e-03  (991s)
[soft_seed0] step   6500  val 0.0000  eta 1.00301  bc_rmse 1.09e-04  (1071s)
[soft_seed0] step   7000  val 0.0000  eta 1.00325  bc_rmse 4.06e-04  (1158s)
[soft_seed0] step   7500  val 0.0000  eta 1.00165  bc_rmse 9.85e-04  (1252s)
[soft_seed0] step   8000  val 0.0000  eta 1.00379  bc_rmse 2.06e-03  (1331s)
[soft_seed0] step   8500  val 0.0001  eta 0.99187  bc_rmse 8.55e-04  (1408s)
[soft_seed0] step   9000  val 0.0000  eta 1.00278  bc_rmse 8.65e-05  (1494s)
[soft_seed0] step   9500  val 0.0000  eta 1.00248  bc_rmse 3.47e-04  (1571s)
[soft_seed0] step  10000  val 0.0000  eta 1.00216  bc_rmse 3.16e-04  (1648s)
[soft_seed0] step  10500  val 0.0000  eta 1.00154  bc_rmse 6.26e-04  (1733s)
[soft_seed0] step  11000  val 0.0000  eta 1.00646  bc_rmse 2.76e-04  (1809s)
[soft_seed0] step  11500  val 0.0000  eta 1.00298  bc_rmse 1.24e-04  (1893s)
[soft_seed0] step  12000  val 0.0000  eta 1.01094  bc_rmse 8.43e-04  (1976s)
[soft_seed0] step  12500  val 0.0000  eta 1.00354  bc_rmse 3.43e-04  (2058s)
[soft_seed0] step  13000  val 0.0000  eta 1.00558  bc_rmse 1.78e-04  (2147s)
[soft_seed0] step  13500  val 0.0000  eta 1.00148  bc_rmse 3.26e-04  (2228s)
[soft_seed0] step  14000  val 0.0000  eta 1.00243  bc_rmse 9.12e-05  (2314s)
[soft_seed0] step  14500  val 0.0000  eta 1.00288  bc_rmse 4.95e-05  (2393s)
[soft_seed0] step  15000  val 0.0000  eta 1.00254  bc_rmse 5.57e-05  (2471s)
[soft_seed0] step  15500  val 0.0000  eta 1.00295  bc_rmse 7.26e-05  (2550s)
[soft_seed0] step  16000  val 0.0000  eta 1.00275  bc_rmse 5.39e-05  (2641s)
[soft_seed0] step  16500  val 0.0000  eta 1.00248  bc_rmse 5.51e-05  (2718s)
[soft_seed0] step  17000  val 0.0000  eta 1.00259  bc_rmse 2.41e-05  (2796s)
[soft_seed0] step  17500  val 0.0000  eta 1.00267  bc_rmse 2.87e-05  (2877s)
[soft_seed0] step  18000  val 0.0000  eta 1.00283  bc_rmse 2.40e-05  (2955s)
[soft_seed0] step  18500  val 0.0000  eta 1.00279  bc_rmse 2.01e-05  (3034s)
[soft_seed0] step  19000  val 0.0000  eta 1.00271  bc_rmse 1.95e-05  (3124s)
[soft_seed0] step  19500  val 0.0000  eta 1.00280  bc_rmse 1.90e-05  (3226s)
[soft_seed0] step  20000  val 0.0000  eta 1.00280  bc_rmse 1.82e-05  (3321s)
[soft_seed0] done in 3321s
[hard_seed1] step    500  val 0.3169  eta 0.68249  bc_rmse 6.37e-08  (97s)
[hard_seed1] step   1000  val 0.2006  eta 0.68551  bc_rmse 6.25e-08  (184s)
[hard_seed1] step   1500  val 0.2097  eta 0.68842  bc_rmse 6.25e-08  (275s)
[hard_seed1] step   2000  val 0.1869  eta 0.69194  bc_rmse 6.24e-08  (364s)
[hard_seed1] step   2500  val 0.1841  eta 0.68861  bc_rmse 6.24e-08  (452s)
[hard_seed1] step   3000  val 0.1832  eta 0.68878  bc_rmse 6.23e-08  (539s)
[hard_seed1] step   3500  val 0.1819  eta 0.68895  bc_rmse 6.23e-08  (636s)
[hard_seed1] step   4000  val 0.1805  eta 0.68909  bc_rmse 6.23e-08  (728s)
[hard_seed1] step   4500  val 0.1828  eta 0.68976  bc_rmse 6.23e-08  (824s)
[hard_seed1] step   5000  val 0.2006  eta 0.68990  bc_rmse 6.27e-08  (913s)
[hard_seed1] step   5500  val 0.1822  eta 0.69062  bc_rmse 6.23e-08  (1014s)
[hard_seed1] step   6000  val 0.1799  eta 0.69069  bc_rmse 6.23e-08  (1102s)
[hard_seed1] step   6500  val 0.1780  eta 0.69095  bc_rmse 6.23e-08  (1190s)
[hard_seed1] step   7000  val 0.1752  eta 0.69151  bc_rmse 6.23e-08  (1280s)
[hard_seed1] step   7500  val 0.1747  eta 0.69178  bc_rmse 6.24e-08  (1371s)
[hard_seed1] step   8000  val 0.1692  eta 0.69263  bc_rmse 6.23e-08  (1459s)
[hard_seed1] step   8500  val 0.1808  eta 0.69120  bc_rmse 6.23e-08  (1550s)
[hard_seed1] step   9000  val 0.1845  eta 0.69072  bc_rmse 6.23e-08  (1638s)
[hard_seed1] step   9500  val 0.1750  eta 0.69112  bc_rmse 6.23e-08  (1724s)
[hard_seed1] step  10000  val 0.1843  eta 0.69161  bc_rmse 6.23e-08  (1820s)
[hard_seed1] step  10500  val 0.1799  eta 0.69185  bc_rmse 6.23e-08  (1925s)
[hard_seed1] step  11000  val 0.1813  eta 0.69157  bc_rmse 6.23e-08  (2052s)
[hard_seed1] step  11500  val 0.1829  eta 0.69296  bc_rmse 6.23e-08  (2140s)
[hard_seed1] step  12000  val 0.1895  eta 0.69121  bc_rmse 6.24e-08  (2226s)
[hard_seed1] step  12500  val 0.1708  eta 0.69358  bc_rmse 6.23e-08  (2312s)
[hard_seed1] step  13000  val 0.1688  eta 0.69410  bc_rmse 6.23e-08  (2405s)
[hard_seed1] step  13500  val 0.1779  eta 0.69451  bc_rmse 6.23e-08  (2498s)
[hard_seed1] step  14000  val 0.1794  eta 0.69264  bc_rmse 6.23e-08  (2587s)
[hard_seed1] step  14500  val 0.1729  eta 0.69473  bc_rmse 6.23e-08  (2688s)
[hard_seed1] step  15000  val 0.1746  eta 0.69685  bc_rmse 6.23e-08  (2784s)
[hard_seed1] step  15500  val 0.1950  eta 0.69124  bc_rmse 6.23e-08  (2879s)
[hard_seed1] step  16000  val 0.1720  eta 0.69426  bc_rmse 6.23e-08  (2973s)
[hard_seed1] step  16500  val 0.1670  eta 0.69502  bc_rmse 6.23e-08  (3058s)
[hard_seed1] step  17000  val 0.1551  eta 0.69976  bc_rmse 6.22e-08  (3149s)
[hard_seed1] step  17500  val 0.1655  eta 0.69660  bc_rmse 6.23e-08  (3236s)
[hard_seed1] step  18000  val 0.1564  eta 0.69943  bc_rmse 6.22e-08  (3323s)
[hard_seed1] step  18500  val 0.1525  eta 0.70190  bc_rmse 6.22e-08  (3421s)
[hard_seed1] step  19000  val 0.1495  eta 0.70370  bc_rmse 6.23e-08  (3546s)
[hard_seed1] step  19500  val 0.1464  eta 0.70520  bc_rmse 6.18e-08  (3663s)
[hard_seed1] step  20000  val 0.1465  eta 0.70532  bc_rmse 6.19e-08  (3789s)
[hard_seed1] done in 3789s
[hard_seed2] step    500  val 0.1906  eta 0.71396  bc_rmse 6.27e-08  (108s)
[hard_seed2] step   1000  val 0.1980  eta 0.69139  bc_rmse 6.23e-08  (230s)
[hard_seed2] step   1500  val 0.2019  eta 0.69213  bc_rmse 6.24e-08  (352s)
[hard_seed2] step   2000  val 0.1874  eta 0.69232  bc_rmse 6.23e-08  (465s)
[hard_seed2] step   2500  val 0.1910  eta 0.69243  bc_rmse 6.24e-08  (575s)
[hard_seed2] step   3000  val 0.1839  eta 0.69300  bc_rmse 6.23e-08  (703s)
[hard_seed2] step   3500  val 0.1830  eta 0.69296  bc_rmse 6.23e-08  (816s)
[hard_seed2] step   4000  val 0.1875  eta 0.69205  bc_rmse 6.23e-08  (925s)
[hard_seed2] step   4500  val 0.1833  eta 0.69383  bc_rmse 6.23e-08  (1038s)
[hard_seed2] step   5000  val 0.1853  eta 0.69271  bc_rmse 6.23e-08  (1149s)
[hard_seed2] step   5500  val 0.1811  eta 0.69429  bc_rmse 6.23e-08  (1262s)
[hard_seed2] step   6000  val 0.1789  eta 0.69614  bc_rmse 6.24e-08  (1373s)
[hard_seed2] step   6500  val 0.1858  eta 0.69310  bc_rmse 6.23e-08  (1484s)
[hard_seed2] step   7000  val 0.1782  eta 0.69630  bc_rmse 6.23e-08  (1596s)
[hard_seed2] step   7500  val 0.1793  eta 0.69693  bc_rmse 6.23e-08  (1709s)
[hard_seed2] step   8000  val 0.1751  eta 0.69920  bc_rmse 6.24e-08  (1821s)
[hard_seed2] step   8500  val 0.1742  eta 0.69825  bc_rmse 6.23e-08  (1932s)
[hard_seed2] step   9000  val 0.2288  eta 0.69248  bc_rmse 6.28e-08  (2044s)
[hard_seed2] step   9500  val 0.1746  eta 0.69931  bc_rmse 6.23e-08  (2154s)
[hard_seed2] step  10000  val 0.1891  eta 0.69345  bc_rmse 6.23e-08  (2266s)
[hard_seed2] step  10500  val 0.1738  eta 0.70283  bc_rmse 6.23e-08  (2379s)
[hard_seed2] step  11000  val 0.1702  eta 0.70270  bc_rmse 6.23e-08  (2493s)
[hard_seed2] step  11500  val 0.1834  eta 0.69904  bc_rmse 6.23e-08  (2604s)
[hard_seed2] step  12000  val 0.1930  eta 0.69349  bc_rmse 6.23e-08  (2717s)
[hard_seed2] step  12500  val 0.1456  eta 0.78044  bc_rmse 6.24e-08  (2828s)
[hard_seed2] step  13000  val 0.1112  eta 0.88948  bc_rmse 5.99e-08  (2942s)
[hard_seed2] step  13500  val 0.0957  eta 0.94675  bc_rmse 5.89e-08  (3054s)
[hard_seed2] step  14000  val 0.0911  eta 0.98413  bc_rmse 5.87e-08  (3164s)
[hard_seed2] step  14500  val 0.0866  eta 0.99837  bc_rmse 5.83e-08  (3275s)
[hard_seed2] step  15000  val 0.0848  eta 1.00710  bc_rmse 5.80e-08  (3388s)
[hard_seed2] step  15500  val 0.0836  eta 1.00524  bc_rmse 5.80e-08  (3499s)
[hard_seed2] step  16000  val 0.0815  eta 1.00398  bc_rmse 5.79e-08  (3620s)
[hard_seed2] step  16500  val 0.0804  eta 1.00585  bc_rmse 5.76e-08  (3732s)
[hard_seed2] step  17000  val 0.0776  eta 1.00655  bc_rmse 5.74e-08  (3858s)
[hard_seed2] step  17500  val 0.0762  eta 1.00710  bc_rmse 5.75e-08  (3979s)
[hard_seed2] step  18000  val 0.0723  eta 1.00954  bc_rmse 5.71e-08  (4114s)
[hard_seed2] step  18500  val 0.0673  eta 1.01476  bc_rmse 5.70e-08  (4267s)
[hard_seed2] step  19000  val 0.0591  eta 1.01752  bc_rmse 5.63e-08  (4400s)
[hard_seed2] step  19500  val 0.0537  eta 1.01763  bc_rmse 5.59e-08  (4540s)
[hard_seed2] step  20000  val 0.0528  eta 1.01696  bc_rmse 5.56e-08  (4699s)
[hard_seed2] done in 4699s
[soft_seed1] step    500  val 0.0003  eta 1.00320  bc_rmse 3.14e-04  (149s)
[soft_seed1] step   1000  val 0.0001  eta 1.00241  bc_rmse 2.50e-04  (263s)
[soft_seed1] step   1500  val 0.0000  eta 1.00321  bc_rmse 1.53e-04  (368s)
[soft_seed1] step   2000  val 0.0000  eta 1.00219  bc_rmse 3.10e-04  (511s)
[soft_seed1] step   2500  val 0.0000  eta 0.99654  bc_rmse 2.61e-03  (626s)
[soft_seed1] step   3000  val 0.0000  eta 1.00303  bc_rmse 2.29e-04  (761s)
[soft_seed1] step   3500  val 0.0000  eta 1.00691  bc_rmse 9.23e-04  (884s)
[soft_seed1] step   4000  val 0.0001  eta 0.99610  bc_rmse 7.17e-03  (1020s)
[soft_seed1] step   4500  val 0.0000  eta 0.99986  bc_rmse 3.87e-04  (1141s)
[soft_seed1] step   5000  val 0.0000  eta 1.00240  bc_rmse 7.62e-05  (1272s)
[soft_seed1] step   5500  val 0.0000  eta 1.00164  bc_rmse 1.79e-04  (1392s)
[soft_seed1] step   6000  val 0.0001  eta 1.00286  bc_rmse 2.52e-03  (1513s)
[soft_seed1] step   6500  val 0.0000  eta 1.00136  bc_rmse 7.57e-05  (1634s)
[soft_seed1] step   7000  val 0.0000  eta 1.00792  bc_rmse 6.77e-04  (1751s)
[soft_seed1] step   7500  val 0.0000  eta 1.00278  bc_rmse 1.31e-04  (1873s)
[soft_seed1] step   8000  val 0.0000  eta 1.00211  bc_rmse 8.85e-05  (2009s)
[soft_seed1] step   8500  val 0.0000  eta 1.00182  bc_rmse 1.18e-03  (2132s)
[soft_seed1] step   9000  val 0.0000  eta 1.00093  bc_rmse 2.47e-04  (2265s)
[soft_seed1] step   9500  val 0.0000  eta 1.00229  bc_rmse 1.00e-03  (2403s)
[soft_seed1] step  10000  val 0.0000  eta 1.00587  bc_rmse 5.14e-04  (2518s)
[soft_seed1] step  10500  val 0.0000  eta 1.00235  bc_rmse 4.33e-05  (2623s)
[soft_seed1] step  11000  val 0.0000  eta 1.00328  bc_rmse 6.78e-05  (2726s)
[soft_seed1] step  11500  val 0.0000  eta 1.00215  bc_rmse 9.07e-05  (2777s)
[soft_seed1] step  12000  val 0.0000  eta 1.00297  bc_rmse 1.10e-04  (2831s)
[soft_seed1] step  12500  val 0.0000  eta 1.00845  bc_rmse 1.63e-03  (2896s)
[soft_seed1] step  13000  val 0.0000  eta 1.00247  bc_rmse 3.55e-05  (2979s)
[soft_seed1] step  13500  val 0.0000  eta 1.00535  bc_rmse 3.55e-04  (3082s)
[soft_seed1] step  14000  val 0.0000  eta 1.00287  bc_rmse 1.36e-04  (3180s)
[soft_seed1] step  14500  val 0.0000  eta 1.00245  bc_rmse 3.77e-05  (3281s)
[soft_seed1] step  15000  val 0.0000  eta 1.00211  bc_rmse 7.88e-05  (3384s)
[soft_seed1] step  15500  val 0.0000  eta 1.00302  bc_rmse 2.97e-05  (3490s)
[soft_seed1] step  16000  val 0.0000  eta 1.00267  bc_rmse 5.12e-05  (3593s)
[soft_seed1] step  16500  val 0.0000  eta 1.00215  bc_rmse 4.05e-05  (3697s)
[soft_seed1] step  17000  val 0.0000  eta 1.00280  bc_rmse 2.07e-05  (3800s)
[soft_seed1] step  17500  val 0.0000  eta 1.00296  bc_rmse 2.35e-05  (3904s)
[soft_seed1] step  18000  val 0.0000  eta 1.00286  bc_rmse 1.66e-05  (4007s)
[soft_seed1] step  18500  val 0.0000  eta 1.00272  bc_rmse 1.26e-05  (4112s)
[soft_seed1] step  19000  val 0.0000  eta 1.00282  bc_rmse 1.49e-05  (4228s)
[soft_seed1] step  19500  val 0.0000  eta 1.00276  bc_rmse 1.18e-05  (4340s)
[soft_seed1] step  20000  val 0.0000  eta 1.00276  bc_rmse 1.22e-05  (4453s)
[soft_seed1] done in 4453s
[soft_seed2] step    500  val 0.0002  eta 1.00071  bc_rmse 4.64e-04  (113s)
[soft_seed2] step   1000  val 0.0001  eta 1.00196  bc_rmse 4.61e-04  (223s)
[soft_seed2] step   1500  val 0.0001  eta 1.00189  bc_rmse 6.35e-04  (355s)
[soft_seed2] step   2000  val 0.0000  eta 1.00212  bc_rmse 1.00e-04  (474s)
[soft_seed2] step   2500  val 0.0000  eta 1.00137  bc_rmse 2.85e-04  (583s)
[soft_seed2] step   3000  val 0.0000  eta 1.00299  bc_rmse 1.40e-04  (695s)
[soft_seed2] step   3500  val 0.0000  eta 1.00208  bc_rmse 1.18e-03  (808s)
[soft_seed2] step   4000  val 0.0000  eta 1.00246  bc_rmse 8.78e-05  (919s)
[soft_seed2] step   4500  val 0.0001  eta 1.00415  bc_rmse 1.89e-03  (1032s)
[soft_seed2] step   5000  val 0.0000  eta 1.00299  bc_rmse 1.08e-04  (1143s)
[soft_seed2] step   5500  val 0.0000  eta 1.00343  bc_rmse 2.15e-04  (1255s)
[soft_seed2] step   6000  val 0.0000  eta 1.00311  bc_rmse 1.17e-04  (1370s)
[soft_seed2] step   6500  val 0.0000  eta 1.00297  bc_rmse 1.16e-04  (1481s)
[soft_seed2] step   7000  val 0.0001  eta 1.01414  bc_rmse 1.53e-03  (1603s)
[soft_seed2] step   7500  val 0.0000  eta 1.00375  bc_rmse 5.40e-04  (1714s)
[soft_seed2] step   8000  val 0.0000  eta 1.00353  bc_rmse 1.52e-03  (1830s)
[soft_seed2] step   8500  val 0.0000  eta 1.00284  bc_rmse 1.26e-04  (1943s)
[soft_seed2] step   9000  val 0.0001  eta 0.99121  bc_rmse 2.55e-03  (2056s)
[soft_seed2] step   9500  val 0.0000  eta 1.00381  bc_rmse 2.52e-04  (2164s)
[soft_seed2] step  10000  val 0.0000  eta 1.00208  bc_rmse 4.00e-05  (2273s)
[soft_seed2] step  10500  val 0.0000  eta 1.00340  bc_rmse 4.32e-04  (2379s)
[soft_seed2] step  11000  val 0.0000  eta 1.00372  bc_rmse 4.99e-04  (2484s)
[soft_seed2] step  11500  val 0.0000  eta 1.00281  bc_rmse 4.49e-05  (2589s)
[soft_seed2] step  12000  val 0.0000  eta 1.00225  bc_rmse 7.18e-05  (2698s)
[soft_seed2] step  12500  val 0.0000  eta 1.00325  bc_rmse 3.19e-05  (2805s)
[soft_seed2] step  13000  val 0.0000  eta 1.00541  bc_rmse 4.82e-04  (2915s)
[soft_seed2] step  13500  val 0.0000  eta 1.00258  bc_rmse 1.57e-04  (3021s)
[soft_seed2] step  14000  val 0.0000  eta 1.00339  bc_rmse 2.34e-04  (3126s)
[soft_seed2] step  14500  val 0.0000  eta 1.00266  bc_rmse 8.40e-05  (3233s)
[soft_seed2] step  15000  val 0.0000  eta 1.00292  bc_rmse 1.36e-04  (3339s)
[soft_seed2] step  15500  val 0.0000  eta 1.00276  bc_rmse 5.29e-05  (3447s)
[soft_seed2] step  16000  val 0.0000  eta 1.00278  bc_rmse 2.95e-05  (3554s)
[soft_seed2] step  16500  val 0.0000  eta 1.00250  bc_rmse 2.92e-05  (3662s)
[soft_seed2] step  17000  val 0.0000  eta 1.00272  bc_rmse 2.81e-05  (3767s)
[soft_seed2] step  17500  val 0.0000  eta 1.00277  bc_rmse 2.16e-05  (3872s)
[soft_seed2] step  18000  val 0.0000  eta 1.00278  bc_rmse 1.82e-05  (3978s)
[soft_seed2] step  18500  val 0.0000  eta 1.00285  bc_rmse 1.92e-05  (4084s)
[soft_seed2] step  19000  val 0.0000  eta 1.00277  bc_rmse 1.66e-05  (4188s)
[soft_seed2] step  19500  val 0.0000  eta 1.00274  bc_rmse 1.63e-05  (4294s)
[soft_seed2] step  20000  val 0.0000  eta 1.00272  bc_rmse 1.58e-05  (4399s)
[soft_seed2] done in 4399s
